// Vitest Snapshot v1, https://vitest.dev/guide/snapshot.html

exports[`IPIP-NEO-60 instrument > pins aggregate content invariants > reversed-item-count 1`] = `12`;

exports[`IPIP-NEO-60 instrument > pins the normalized item list (ids, scale/facet mapping, keyed direction) 1`] = `
[
  {
    "id": "0727def6-3d18-4221-bf38-86b58f9f3eed",
    "reversed": false,
    "scaleId": "O3",
  },
  {
    "id": "08ff6dca-02a5-4aeb-aaa4-2ecf2526f143",
    "reversed": false,
    "scaleId": "O1",
  },
  {
    "id": "0b38e3d3-c15c-454c-b034-f4eb7ae1580a",
    "reversed": false,
    "scaleId": "E3",
  },
  {
    "id": "0cf79e27-e702-45c2-9471-04ac96b58e0e",
    "reversed": true,
    "scaleId": "A2",
  },
  {
    "id": "13c58810-3864-42ba-aa87-d4166f858756",
    "reversed": false,
    "scaleId": "N6",
  },
  {
    "id": "28ab59a0-e7cd-4fce-94e3-bba2ecc023b6",
    "reversed": false,
    "scaleId": "E2",
  },
  {
    "id": "2f519935-92e8-48ad-9746-4a0f8b38466a",
    "reversed": false,
    "scaleId": "N6",
  },
  {
    "id": "33b81fd0-7e32-4cd8-a13a-d5f5f754f998",
    "reversed": true,
    "scaleId": "O4",
  },
  {
    "id": "43c98ce8-a07a-4dc2-80f6-c1b2a2485f06",
    "reversed": false,
    "scaleId": "N1",
  },
  {
    "id": "458f3957-2359-4077-ade1-34525d633063",
    "reversed": false,
    "scaleId": "E2",
  },
  {
    "id": "481efd08-c810-43b1-a952-f8ac9052f96b",
    "reversed": false,
    "scaleId": "N5",
  },
  {
    "id": "48a761ef-438e-409b-ae59-ea2ce8f84414",
    "reversed": false,
    "scaleId": "E4",
  },
  {
    "id": "48ad12ce-470e-4339-90ac-ea8c43a0103e",
    "reversed": false,
    "scaleId": "N2",
  },
  {
    "id": "5631b856-ff34-4f76-a0cd-edc7104c3bfa",
    "reversed": false,
    "scaleId": "O3",
  },
  {
    "id": "58d571e5-d725-4cf8-a438-32c16ee28eb6",
    "reversed": false,
    "scaleId": "O2",
  },
  {
    "id": "5a5fa975-d024-4ac8-8845-2823f957c21b",
    "reversed": true,
    "scaleId": "A2",
  },
  {
    "id": "5e8550d7-b8ef-4905-950a-f81d735d39e2",
    "reversed": false,
    "scaleId": "N3",
  },
  {
    "id": "6f66cdc0-9044-457b-b40d-501ecae15ee7",
    "reversed": false,
    "scaleId": "A1",
  },
  {
    "id": "71029381-3908-4c68-91e1-e41fb45542a2",
    "reversed": true,
    "scaleId": "A5",
  },
  {
    "id": "73d84e5d-cbf5-47f0-b8cb-4d2159a52e32",
    "reversed": false,
    "scaleId": "C3",
  },
  {
    "id": "79186f48-e7fa-4df4-b74b-b0627ee244e1",
    "reversed": false,
    "scaleId": "O6",
  },
  {
    "id": "7dab2a37-8635-4fc7-86b7-0abf13c183c9",
    "reversed": false,
    "scaleId": "N2",
  },
  {
    "id": "7df44711-4cd4-4b05-8830-73fcc3ebdab5",
    "reversed": true,
    "scaleId": "A5",
  },
  {
    "id": "7f92ab2c-265c-4b84-8c74-09f9bb9d41a7",
    "reversed": false,
    "scaleId": "N1",
  },
  {
    "id": "888dd864-7449-4e96-8d5c-7a439603ea91",
    "reversed": false,
    "scaleId": "O1",
  },
  {
    "id": "899c3f66-51d0-46ea-963a-6fc36d3b3cb9",
    "reversed": false,
    "scaleId": "E6",
  },
  {
    "id": "8af754f2-68e9-48f3-8c5d-2e6633d4472c",
    "reversed": false,
    "scaleId": "E3",
  },
  {
    "id": "956f3e17-ff17-4af5-a52f-9222b8968106",
    "reversed": true,
    "scaleId": "C6",
  },
  {
    "id": "95a3f20c-f933-4d19-a2c1-a7dbdf63c562",
    "reversed": true,
    "scaleId": "O5",
  },
  {
    "id": "961376e0-16a1-4c14-b059-789e63d11b63",
    "reversed": false,
    "scaleId": "E6",
  },
  {
    "id": "987efee2-899f-4a65-b9b5-1589ef0460d7",
    "reversed": false,
    "scaleId": "E5",
  },
  {
    "id": "9891b7ba-a494-4307-aafe-301d8db506c6",
    "reversed": true,
    "scaleId": "N5",
  },
  {
    "id": "9d3cb5c7-955c-43a4-b6c7-b07ed01dcbd9",
    "reversed": false,
    "scaleId": "C5",
  },
  {
    "id": "acd8fadc-5399-4a67-b5ff-9d1ada049c01",
    "reversed": false,
    "scaleId": "N4",
  },
  {
    "id": "ada867af-4db1-4e3d-a604-2b695c1806e5",
    "reversed": false,
    "scaleId": "A3",
  },
  {
    "id": "adf33f9f-45bd-43e3-af25-4c491176d97f",
    "reversed": true,
    "scaleId": "C2",
  },
  {
    "id": "af55f014-788c-4b6e-92c4-b2b59dc8a28d",
    "reversed": false,
    "scaleId": "E1",
  },
  {
    "id": "b2d9ef74-73f5-4ea8-b00c-7aaca15937df",
    "reversed": false,
    "scaleId": "N4",
  },
  {
    "id": "b5919f2f-cded-4745-a9ce-c02703cee807",
    "reversed": false,
    "scaleId": "O2",
  },
  {
    "id": "b7fc949b-02b6-4cb9-a3e2-dbb3d824b55f",
    "reversed": false,
    "scaleId": "C4",
  },
  {
    "id": "bd9eec0a-b68b-472c-8803-7db29c308cdb",
    "reversed": true,
    "scaleId": "C6",
  },
  {
    "id": "c2038c12-7a37-47a8-9983-831bd6692aab",
    "reversed": false,
    "scaleId": "A6",
  },
  {
    "id": "c55e3958-00c4-4fc3-9118-47d8f31bfde1",
    "reversed": false,
    "scaleId": "C3",
  },
  {
    "id": "c7f53c3c-2e77-432f-bb71-7470b67d3aa9",
    "reversed": false,
    "scaleId": "C1",
  },
  {
    "id": "cae55842-8957-4e3b-83b3-ceff98fb9dcf",
    "reversed": false,
    "scaleId": "O4",
  },
  {
    "id": "ccf3a5c8-fb50-4bd4-8e7a-22af3d657279",
    "reversed": false,
    "scaleId": "A3",
  },
  {
    "id": "cda1ca17-b599-4561-a6cd-ff9d36062d27",
    "reversed": false,
    "scaleId": "C2",
  },
  {
    "id": "ce2fbbf8-7a97-4199-bda5-117e4ecdf3b6",
    "reversed": false,
    "scaleId": "A1",
  },
  {
    "id": "d07b6c67-0d02-4948-a997-bb84ac234cd8",
    "reversed": false,
    "scaleId": "E4",
  },
  {
    "id": "d50a597f-632b-4f7b-89e6-6d85b50fd1c9",
    "reversed": false,
    "scaleId": "E1",
  },
  {
    "id": "d9a9a180-29c9-4ec5-8621-2256d411def7",
    "reversed": true,
    "scaleId": "A4",
  },
  {
    "id": "e1e804c7-4a1d-498f-8610-f95147af9d1d",
    "reversed": false,
    "scaleId": "O5",
  },
  {
    "id": "e2028ad3-b128-4f76-be57-398bfe2aff22",
    "reversed": true,
    "scaleId": "A4",
  },
  {
    "id": "f08e1b27-3673-4898-9cae-896482d0d9f9",
    "reversed": false,
    "scaleId": "O6",
  },
  {
    "id": "f0a14e16-d726-47e9-a2c1-647fd3d7d52e",
    "reversed": false,
    "scaleId": "N3",
  },
  {
    "id": "f110fc66-2e9e-413c-920b-19f05e63d7ac",
    "reversed": false,
    "scaleId": "C1",
  },
  {
    "id": "f12c3d9d-1d12-4aa6-ad2e-009cd0651cbb",
    "reversed": false,
    "scaleId": "C4",
  },
  {
    "id": "f1675af6-88bf-4376-a946-0281e762b39c",
    "reversed": false,
    "scaleId": "E5",
  },
  {
    "id": "f6076eea-56ae-4b46-97f1-5f94a7676c96",
    "reversed": false,
    "scaleId": "C5",
  },
  {
    "id": "fd50e1ca-d9e0-4037-a7a1-a191d4db2d96",
    "reversed": false,
    "scaleId": "A6",
  },
]
`;
